{"level":"info","message":"Environment configuration validated","service":"home4you-api","timestamp":"2026-04-05T15:31:50.763Z"}
{"level":"info","message":"MongoDB connected to mongo (attempt 1)","service":"home4you-api","timestamp":"2026-04-05T15:31:51.386Z"}
{"level":"info","message":"Redis client initialized successfully","service":"home4you-api","timestamp":"2026-04-05T15:31:51.390Z"}
{"level":"info","message":"All dependencies initialized. Starting server...","service":"home4you-api","timestamp":"2026-04-05T15:31:51.391Z"}
{"level":"info","message":"Server started on port 8000","service":"home4you-api","timestamp":"2026-04-05T15:31:51.392Z"}
{"level":"warn","message":"Received SIGTERM. Starting graceful shutdown...","service":"home4you-api","timestamp":"2026-04-05T15:32:25.377Z"}
{"level":"info","message":"Stopping new incoming connections...","service":"home4you-api","timestamp":"2026-04-05T15:32:25.378Z"}
{"level":"info","message":"HTTP server closed","service":"home4you-api","timestamp":"2026-04-05T15:32:25.379Z"}
{"level":"info","message":"Closing Redis connection...","service":"home4you-api","timestamp":"2026-04-05T15:32:25.379Z"}
{"level":"info","message":"Redis connection closed successfully","service":"home4you-api","timestamp":"2026-04-05T15:32:25.380Z"}
{"level":"info","message":"Closing MongoDB connection...","service":"home4you-api","timestamp":"2026-04-05T15:32:25.381Z"}
{"level":"info","message":"Environment configuration validated","service":"home4you-api","timestamp":"2026-04-05T15:32:42.019Z"}
{"level":"info","message":"MongoDB connected to mongo (attempt 1)","service":"home4you-api","timestamp":"2026-04-05T15:32:42.622Z"}
{"level":"info","message":"Redis client initialized successfully","service":"home4you-api","timestamp":"2026-04-05T15:32:42.625Z"}
{"level":"info","message":"All dependencies initialized. Starting server...","service":"home4you-api","timestamp":"2026-04-05T15:32:42.625Z"}
{"level":"info","message":"Server started on port 8000","service":"home4you-api","timestamp":"2026-04-05T15:32:42.627Z"}
{"level":"info","message":"The sha: 4a8e94027f6a4d5f74aac7e1070a8f41ddc7295b","service":"home4you-api","timestamp":"2026-04-05T15:35:12.315Z"}
{"level":"info","message":"4be51950-8c22-41eb-b03d-de51f85c497a GET /api/v1/sys/health 200 121 - 19.311 ms","service":"home4you-api","timestamp":"2026-04-05T15:35:12.325Z"}
{"level":"warn","message":"Received SIGTERM. Starting graceful shutdown...","service":"home4you-api","timestamp":"2026-04-05T15:49:05.841Z"}
{"level":"info","message":"Stopping new incoming connections...","service":"home4you-api","timestamp":"2026-04-05T15:49:05.842Z"}
{"level":"info","message":"HTTP server closed","service":"home4you-api","timestamp":"2026-04-05T15:49:05.843Z"}
{"level":"info","message":"Closing Redis connection...","service":"home4you-api","timestamp":"2026-04-05T15:49:05.845Z"}
{"level":"info","message":"Redis connection closed successfully","service":"home4you-api","timestamp":"2026-04-05T15:49:05.848Z"}
{"level":"info","message":"Closing MongoDB connection...","service":"home4you-api","timestamp":"2026-04-05T15:49:05.849Z"}
